Scoreboard at time 2023-05-08 10:12:37.023834
Steve score: 5
Julie score: 6
Francis score: 5
