Forecast at time 2023-05-08 10:12:37.023834
Steve score: 9
Julie score: 3
Francis score: 3
