Forecast at: date
Steve score: 9
Julie score: 9
Francis score: 9
